2026-09-12 03:02:31,479 - INFO   - [chemsmart.cli.run] Entering main program
2026-09-12 03:02:31,483 - WARNING - [chemsmart.jobs.settings] Default file settings does not exist.

2026-09-12 03:02:31,484 - WARNING - [chemsmart.jobs.settings] Default file settings does not exist.

2026-09-12 03:02:31,485 - WARNING - [chemsmart.jobs.settings] Default file settings does not exist.

2026-09-12 03:02:31,486 - WARNING - [chemsmart.jobs.settings] Default file settings does not exist.

2026-09-12 03:02:31,487 - WARNING - [chemsmart.jobs.settings] Default file settings does not exist.

2026-09-12 03:02:31,487 - WARNING - [chemsmart.jobs.settings] Default file settings does not exist.

2026-09-12 03:02:31,488 - WARNING - [chemsmart.jobs.settings] Default file settings does not exist.

2026-09-12 03:02:31,489 - WARNING - [chemsmart.jobs.settings] Default file settings does not exist.

2026-09-12 03:02:31,490 - WARNING - [chemsmart.jobs.settings] Default file settings does not exist.

2026-09-12 03:02:31,491 - WARNING - [chemsmart.jobs.settings] Default file settings does not exist.

2026-09-12 03:02:31,492 - WARNING - [chemsmart.jobs.settings] Default file settings does not exist.

2026-09-12 03:02:31,493 - INFO   - [chemsmart.cli.orca.orca] Using default ORCA settings for XYZ file: /home/chemsmart/agent-campaigns/ax41-refine-100/novel-round-7/workspaces/po3-r19/benzyl-azide.xyz
2026-09-12 03:02:31,494 - INFO   - [chemsmart.cli.orca.opt] Final optimization settings: {'ab_initio': None, 'functional': 'b3lyp', 'dispersion': 'd3bj', 'basis': 'def2-svp', 'semiempirical': None, 'defgrid': None, 'charge': 0, 'multiplicity': 1, 'freq': True, 'numfreq': False, 'jobtype': 'opt', 'title': None, 'solvent_model': None, 'solvent_id': None, 'additional_route_parameters': None, 'route_to_be_written': None, 'modred': None, 'gen_genecp_file': None, 'heavy_elements': None, 'heavy_elements_basis': None, 'light_elements_basis': None, 'custom_solvent': None, 'forces': False, 'input_string': None, 'aux_basis': 'def2/j', 'extrapolation_basis': None, 'scf_tol': None, 'scf_algorithm': None, 'scf_maxiter': None, 'scf_convergence': 'tight', 'geom_maxiter': 300, 'opt_convergence': 'normal', 'gbw': True, 'mdci_cutoff': None, 'mdci_density': None, 'relativistic': None, 'reference': None, 'frozen_core': None, 'frozen_core_electrons': None, 'ri_approximation': 'rijcosx', 'dipole': False, 'quadrupole': False, 'vpt2': False, 'vpt2_anharmonic_displacement': None, 'vpt2_hessian_cutoff': None, 'response_method': None, 'nstates': None, 'state_manifold': None, 'invert_constraints': False, 'additional_solvent_options': None, 'solventfilename': None}
2026-09-12 03:02:31,494 - INFO   - [chemsmart.cli.orca.opt] Optimizing molecule: Molecule<C7H7N3,energy: None>
2026-09-12 03:02:31,494 - INFO   - [chemsmart.jobs.runner] Using job runner: <class 'chemsmart.jobs.orca.runner.ORCAJobRunner'> for job: ORCAOptJob<folder=/home/chemsmart/agent-campaigns/ax41-refine-100/novel-round-7/workspaces/po3-r19/nodes/opt-benzyl-azide, label=benzyl-azide_opt_opt, jobrunner=None>
2026-09-12 03:02:31,494 - INFO   - [chemsmart.jobs.runner] Using scratch=True for job runner: <class 'chemsmart.jobs.orca.runner.ORCAJobRunner'>
2026-09-12 03:02:31,494 - INFO   - [chemsmart.jobs.orca.runner] Obtaining executable from server: /home/chemsmart/agent-campaigns/ax41-refine-100/novel-round-7/workspaces/po3-r19/.chemsmart-agent/goals/goal-po3-r19/runs/cycle-1/execution-server.yaml
2026-09-12 03:02:31,497 - INFO   - [chemsmart.jobs.orca.job] Running ORCAJob ORCAOptJob<folder=/home/chemsmart/agent-campaigns/ax41-refine-100/novel-round-7/workspaces/po3-r19/nodes/opt-benzyl-azide, label=benzyl-azide_opt_opt, jobrunner=ORCAJobRunner<server=YamlServerSettings: /home/chemsmart/agent-campaigns/ax41-refine-100/novel-round-7/workspaces/po3-r19/.chemsmart-agent/goals/goal-po3-r19/runs/cycle-1/execution-server.yaml>> with jobrunner ORCAJobRunner<server=YamlServerSettings: /home/chemsmart/agent-campaigns/ax41-refine-100/novel-round-7/workspaces/po3-r19/.chemsmart-agent/goals/goal-po3-r19/runs/cycle-1/execution-server.yaml>
2026-09-12 03:02:31,497 - INFO   - [chemsmart.jobs.orca.runner] Local run is False.
2026-09-12 03:02:31,498 - INFO   - [chemsmart.jobs.orca.writer] Finished writing ORCA input file: /home/chemsmart/agent-campaigns/ax41-refine-100/novel-round-7/workspaces/po3-r19/scratch/benzyl-azide_opt_opt/benzyl-azide_opt_opt.inp
2026-09-12 03:02:31,498 - INFO   - [chemsmart.jobs.orca.runner] ORCA executable: /opt/chem/orca/6.1.1/orca
2026-09-12 03:02:31,498 - INFO   - [chemsmart.jobs.orca.runner] Command executed: /opt/chem/orca/6.1.1/orca /home/chemsmart/agent-campaigns/ax41-refine-100/novel-round-7/workspaces/po3-r19/scratch/benzyl-azide_opt_opt/benzyl-azide_opt_opt.inp
Writing output file to: /home/chemsmart/agent-campaigns/ax41-refine-100/novel-round-7/workspaces/po3-r19/scratch/benzyl-azide_opt_opt/benzyl-azide_opt_opt.out
And err file to: /home/chemsmart/agent-campaigns/ax41-refine-100/novel-round-7/workspaces/po3-r19/scratch/benzyl-azide_opt_opt/benzyl-azide_opt_opt.err
2026-09-12 03:06:57,993 - INFO   - [chemsmart.jobs.orca.runner] Copying file /home/chemsmart/agent-campaigns/ax41-refine-100/novel-round-7/workspaces/po3-r19/scratch/benzyl-azide_opt_opt/benzyl-azide_opt_opt.bibtex from /home/chemsmart/agent-campaigns/ax41-refine-100/novel-round-7/workspaces/po3-r19/scratch/benzyl-azide_opt_opt to /home/chemsmart/agent-campaigns/ax41-refine-100/novel-round-7/workspaces/po3-r19/nodes/opt-benzyl-azide
2026-09-12 03:06:57,994 - INFO   - [chemsmart.jobs.orca.runner] Copying file /home/chemsmart/agent-campaigns/ax41-refine-100/novel-round-7/workspaces/po3-r19/scratch/benzyl-azide_opt_opt/benzyl-azide_opt_opt.xyz from /home/chemsmart/agent-campaigns/ax41-refine-100/novel-round-7/workspaces/po3-r19/scratch/benzyl-azide_opt_opt to /home/chemsmart/agent-campaigns/ax41-refine-100/novel-round-7/workspaces/po3-r19/nodes/opt-benzyl-azide
2026-09-12 03:06:57,994 - INFO   - [chemsmart.jobs.orca.runner] Copying file /home/chemsmart/agent-campaigns/ax41-refine-100/novel-round-7/workspaces/po3-r19/scratch/benzyl-azide_opt_opt/benzyl-azide_opt_opt.err from /home/chemsmart/agent-campaigns/ax41-refine-100/novel-round-7/workspaces/po3-r19/scratch/benzyl-azide_opt_opt to /home/chemsmart/agent-campaigns/ax41-refine-100/novel-round-7/workspaces/po3-r19/nodes/opt-benzyl-azide
2026-09-12 03:06:57,994 - INFO   - [chemsmart.jobs.orca.runner] Copying file /home/chemsmart/agent-campaigns/ax41-refine-100/novel-round-7/workspaces/po3-r19/scratch/benzyl-azide_opt_opt/benzyl-azide_opt_opt.hess from /home/chemsmart/agent-campaigns/ax41-refine-100/novel-round-7/workspaces/po3-r19/scratch/benzyl-azide_opt_opt to /home/chemsmart/agent-campaigns/ax41-refine-100/novel-round-7/workspaces/po3-r19/nodes/opt-benzyl-azide
2026-09-12 03:06:57,994 - INFO   - [chemsmart.jobs.orca.runner] Copying file /home/chemsmart/agent-campaigns/ax41-refine-100/novel-round-7/workspaces/po3-r19/scratch/benzyl-azide_opt_opt/benzyl-azide_opt_opt.opt from /home/chemsmart/agent-campaigns/ax41-refine-100/novel-round-7/workspaces/po3-r19/scratch/benzyl-azide_opt_opt to /home/chemsmart/agent-campaigns/ax41-refine-100/novel-round-7/workspaces/po3-r19/nodes/opt-benzyl-azide
2026-09-12 03:06:57,994 - INFO   - [chemsmart.jobs.orca.runner] Copying file /home/chemsmart/agent-campaigns/ax41-refine-100/novel-round-7/workspaces/po3-r19/scratch/benzyl-azide_opt_opt/benzyl-azide_opt_opt.engrad from /home/chemsmart/agent-campaigns/ax41-refine-100/novel-round-7/workspaces/po3-r19/scratch/benzyl-azide_opt_opt to /home/chemsmart/agent-campaigns/ax41-refine-100/novel-round-7/workspaces/po3-r19/nodes/opt-benzyl-azide
2026-09-12 03:06:57,994 - INFO   - [chemsmart.jobs.orca.runner] Copying file /home/chemsmart/agent-campaigns/ax41-refine-100/novel-round-7/workspaces/po3-r19/scratch/benzyl-azide_opt_opt/benzyl-azide_opt_opt.gbw from /home/chemsmart/agent-campaigns/ax41-refine-100/novel-round-7/workspaces/po3-r19/scratch/benzyl-azide_opt_opt to /home/chemsmart/agent-campaigns/ax41-refine-100/novel-round-7/workspaces/po3-r19/nodes/opt-benzyl-azide
2026-09-12 03:06:57,996 - INFO   - [chemsmart.jobs.orca.runner] Copying file /home/chemsmart/agent-campaigns/ax41-refine-100/novel-round-7/workspaces/po3-r19/scratch/benzyl-azide_opt_opt/benzyl-azide_opt_opt.out from /home/chemsmart/agent-campaigns/ax41-refine-100/novel-round-7/workspaces/po3-r19/scratch/benzyl-azide_opt_opt to /home/chemsmart/agent-campaigns/ax41-refine-100/novel-round-7/workspaces/po3-r19/nodes/opt-benzyl-azide
2026-09-12 03:06:57,996 - INFO   - [chemsmart.jobs.orca.runner] Copying file /home/chemsmart/agent-campaigns/ax41-refine-100/novel-round-7/workspaces/po3-r19/scratch/benzyl-azide_opt_opt/benzyl-azide_opt_opt.densitiesinfo from /home/chemsmart/agent-campaigns/ax41-refine-100/novel-round-7/workspaces/po3-r19/scratch/benzyl-azide_opt_opt to /home/chemsmart/agent-campaigns/ax41-refine-100/novel-round-7/workspaces/po3-r19/nodes/opt-benzyl-azide
2026-09-12 03:06:57,996 - INFO   - [chemsmart.jobs.orca.runner] Copying file /home/chemsmart/agent-campaigns/ax41-refine-100/novel-round-7/workspaces/po3-r19/scratch/benzyl-azide_opt_opt/benzyl-azide_opt_opt.inp from /home/chemsmart/agent-campaigns/ax41-refine-100/novel-round-7/workspaces/po3-r19/scratch/benzyl-azide_opt_opt to /home/chemsmart/agent-campaigns/ax41-refine-100/novel-round-7/workspaces/po3-r19/nodes/opt-benzyl-azide
2026-09-12 03:06:57,997 - INFO   - [chemsmart.jobs.orca.runner] Copying file /home/chemsmart/agent-campaigns/ax41-refine-100/novel-round-7/workspaces/po3-r19/scratch/benzyl-azide_opt_opt/benzyl-azide_opt_opt_trj.xyz from /home/chemsmart/agent-campaigns/ax41-refine-100/novel-round-7/workspaces/po3-r19/scratch/benzyl-azide_opt_opt to /home/chemsmart/agent-campaigns/ax41-refine-100/novel-round-7/workspaces/po3-r19/nodes/opt-benzyl-azide
2026-09-12 03:06:57,997 - INFO   - [chemsmart.jobs.orca.runner] Copying file /home/chemsmart/agent-campaigns/ax41-refine-100/novel-round-7/workspaces/po3-r19/scratch/benzyl-azide_opt_opt/benzyl-azide_opt_opt.densities from /home/chemsmart/agent-campaigns/ax41-refine-100/novel-round-7/workspaces/po3-r19/scratch/benzyl-azide_opt_opt to /home/chemsmart/agent-campaigns/ax41-refine-100/novel-round-7/workspaces/po3-r19/nodes/opt-benzyl-azide
2026-09-12 03:06:57,997 - INFO   - [chemsmart.jobs.orca.runner] Copying file /home/chemsmart/agent-campaigns/ax41-refine-100/novel-round-7/workspaces/po3-r19/scratch/benzyl-azide_opt_opt/benzyl-azide_opt_opt.property.txt from /home/chemsmart/agent-campaigns/ax41-refine-100/novel-round-7/workspaces/po3-r19/scratch/benzyl-azide_opt_opt to /home/chemsmart/agent-campaigns/ax41-refine-100/novel-round-7/workspaces/po3-r19/nodes/opt-benzyl-azide
2026-09-12 03:06:58,002 - INFO   - [chemsmart.jobs.runner] Removing file /home/chemsmart/agent-campaigns/ax41-refine-100/novel-round-7/workspaces/po3-r19/nodes/opt-benzyl-azide/benzyl-azide_opt_opt.err.
2026-09-12 03:06:58,002 - INFO   - [chemsmart.jobs.runner] Removing file /home/chemsmart/agent-campaigns/ax41-refine-100/novel-round-7/workspaces/po3-r19/nodes/opt-benzyl-azide/benzyl-azide_opt_opt.pbserr.
2026-09-12 03:06:58,002 - INFO   - [chemsmart.jobs.runner] Removing file /home/chemsmart/agent-campaigns/ax41-refine-100/novel-round-7/workspaces/po3-r19/nodes/opt-benzyl-azide/benzyl-azide_opt_opt.slurmerr.
2026-09-12 03:06:58,003 - INFO   - [chemsmart.jobs.runner] Deleting scratch directory: /home/chemsmart/agent-campaigns/ax41-refine-100/novel-round-7/workspaces/po3-r19/scratch/benzyl-azide_opt_opt
2026-09-12 03:06:58,004 - INFO   - [chemsmart.jobs.runner] Successfully deleted scratch directory: /home/chemsmart/agent-campaigns/ax41-refine-100/novel-round-7/workspaces/po3-r19/scratch/benzyl-azide_opt_opt
