2026-09-09 17:53:03,590 - INFO   - [chemsmart.cli.run] Entering main program
2026-09-09 17:53:03,594 - WARNING - [chemsmart.jobs.settings] Default file settings does not exist.

2026-09-09 17:53:03,596 - WARNING - [chemsmart.jobs.settings] Default file settings does not exist.

2026-09-09 17:53:03,597 - WARNING - [chemsmart.jobs.settings] Default file settings does not exist.

2026-09-09 17:53:03,598 - WARNING - [chemsmart.jobs.settings] Default file settings does not exist.

2026-09-09 17:53:03,600 - WARNING - [chemsmart.jobs.settings] Default file settings does not exist.

2026-09-09 17:53:03,601 - WARNING - [chemsmart.jobs.settings] Default file settings does not exist.

2026-09-09 17:53:03,602 - WARNING - [chemsmart.jobs.settings] Default file settings does not exist.

2026-09-09 17:53:03,603 - WARNING - [chemsmart.jobs.settings] Default file settings does not exist.

2026-09-09 17:53:03,605 - WARNING - [chemsmart.jobs.settings] Default file settings does not exist.

2026-09-09 17:53:03,606 - WARNING - [chemsmart.jobs.settings] Default file settings does not exist.

2026-09-09 17:53:03,607 - WARNING - [chemsmart.jobs.settings] Default file settings does not exist.

2026-09-09 17:53:03,608 - INFO   - [chemsmart.cli.orca.orca] Using default ORCA settings for XYZ file: /home/chemsmart/agent-campaigns/ax41-refine-100/novel-round-7/workspaces/ino3-r12/.chemsmart-agent/runs/live-20260909T085954317332Z-5fa80683d3-883d4d4b/artifacts/geom-pme3-neutral-min.xyz
2026-09-09 17:53:03,610 - INFO   - [chemsmart.cli.orca.singlepoint] Final single point settings: {'ab_initio': None, 'functional': 'pbe0', 'dispersion': 'd3bj', 'basis': 'def2-tzvp', 'semiempirical': None, 'defgrid': None, 'charge': 0, 'multiplicity': 1, 'freq': False, 'numfreq': False, 'jobtype': 'sp', 'title': None, 'solvent_model': 'cpcm', 'solvent_id': 'acetonitrile', 'additional_route_parameters': None, 'route_to_be_written': None, 'modred': None, 'gen_genecp_file': None, 'heavy_elements': None, 'heavy_elements_basis': None, 'light_elements_basis': None, 'custom_solvent': None, 'forces': False, 'input_string': None, 'aux_basis': 'def2/j', 'extrapolation_basis': None, 'scf_tol': None, 'scf_algorithm': None, 'scf_maxiter': None, 'scf_convergence': None, 'geom_maxiter': None, 'opt_convergence': None, 'gbw': True, 'mdci_cutoff': None, 'mdci_density': None, 'relativistic': None, 'reference': None, 'frozen_core': None, 'frozen_core_electrons': None, 'ri_approximation': 'rijcosx', 'dipole': False, 'quadrupole': False, 'vpt2': False, 'vpt2_anharmonic_displacement': None, 'vpt2_hessian_cutoff': None, 'response_method': None, 'nstates': None, 'state_manifold': None, 'invert_constraints': False, 'additional_solvent_options': None, 'solventfilename': None}
2026-09-09 17:53:03,610 - INFO   - [chemsmart.cli.orca.singlepoint] Running single point calculation on molecule: Molecule<C8H24NiP2S2,energy: None> with label: geom-pme3-neutral-min_sp_sp_cpcm_acetonitrile
2026-09-09 17:53:03,610 - INFO   - [chemsmart.jobs.runner] Using job runner: <class 'chemsmart.jobs.orca.runner.ORCAJobRunner'> for job: ORCASinglePointJob<folder=/home/chemsmart/agent-campaigns/ax41-refine-100/novel-round-7/workspaces/ino3-r12/nodes/n0-sp-tzvp, label=geom-pme3-neutral-min_sp_sp_cpcm_acetonitrile, jobrunner=None>
2026-09-09 17:53:03,610 - INFO   - [chemsmart.jobs.runner] Using scratch=True for job runner: <class 'chemsmart.jobs.orca.runner.ORCAJobRunner'>
2026-09-09 17:53:03,610 - INFO   - [chemsmart.jobs.orca.runner] Obtaining executable from server: /home/chemsmart/agent-campaigns/ax41-refine-100/novel-round-7/workspaces/ino3-r12/.chemsmart-agent/goals/goal-ino3-r12/runs/cycle-1/execution-server.yaml
2026-09-09 17:53:03,613 - INFO   - [chemsmart.jobs.orca.job] Running ORCAJob ORCASinglePointJob<folder=/home/chemsmart/agent-campaigns/ax41-refine-100/novel-round-7/workspaces/ino3-r12/nodes/n0-sp-tzvp, label=geom-pme3-neutral-min_sp_sp_cpcm_acetonitrile, jobrunner=ORCAJobRunner<server=YamlServerSettings: /home/chemsmart/agent-campaigns/ax41-refine-100/novel-round-7/workspaces/ino3-r12/.chemsmart-agent/goals/goal-ino3-r12/runs/cycle-1/execution-server.yaml>> with jobrunner ORCAJobRunner<server=YamlServerSettings: /home/chemsmart/agent-campaigns/ax41-refine-100/novel-round-7/workspaces/ino3-r12/.chemsmart-agent/goals/goal-ino3-r12/runs/cycle-1/execution-server.yaml>
2026-09-09 17:53:03,613 - INFO   - [chemsmart.jobs.orca.runner] Local run is False.
2026-09-09 17:53:03,614 - INFO   - [chemsmart.jobs.orca.writer] Finished writing ORCA input file: /home/chemsmart/agent-campaigns/ax41-refine-100/novel-round-7/workspaces/ino3-r12/scratch/geom-pme3-neutral-min_sp_sp_cpcm_acetonitrile/geom-pme3-neutral-min_sp_sp_cpcm_acetonitrile.inp
2026-09-09 17:53:03,614 - INFO   - [chemsmart.jobs.orca.runner] ORCA executable: /opt/chem/orca/6.1.1/orca
2026-09-09 17:53:03,614 - INFO   - [chemsmart.jobs.orca.runner] Command executed: /opt/chem/orca/6.1.1/orca /home/chemsmart/agent-campaigns/ax41-refine-100/novel-round-7/workspaces/ino3-r12/scratch/geom-pme3-neutral-min_sp_sp_cpcm_acetonitrile/geom-pme3-neutral-min_sp_sp_cpcm_acetonitrile.inp
Writing output file to: /home/chemsmart/agent-campaigns/ax41-refine-100/novel-round-7/workspaces/ino3-r12/scratch/geom-pme3-neutral-min_sp_sp_cpcm_acetonitrile/geom-pme3-neutral-min_sp_sp_cpcm_acetonitrile.out
And err file to: /home/chemsmart/agent-campaigns/ax41-refine-100/novel-round-7/workspaces/ino3-r12/scratch/geom-pme3-neutral-min_sp_sp_cpcm_acetonitrile/geom-pme3-neutral-min_sp_sp_cpcm_acetonitrile.err
2026-09-09 17:54:25,328 - INFO   - [chemsmart.jobs.orca.runner] Copying file /home/chemsmart/agent-campaigns/ax41-refine-100/novel-round-7/workspaces/ino3-r12/scratch/geom-pme3-neutral-min_sp_sp_cpcm_acetonitrile/geom-pme3-neutral-min_sp_sp_cpcm_acetonitrile.bibtex from /home/chemsmart/agent-campaigns/ax41-refine-100/novel-round-7/workspaces/ino3-r12/scratch/geom-pme3-neutral-min_sp_sp_cpcm_acetonitrile to /home/chemsmart/agent-campaigns/ax41-refine-100/novel-round-7/workspaces/ino3-r12/nodes/n0-sp-tzvp
2026-09-09 17:54:25,328 - INFO   - [chemsmart.jobs.orca.runner] Copying file /home/chemsmart/agent-campaigns/ax41-refine-100/novel-round-7/workspaces/ino3-r12/scratch/geom-pme3-neutral-min_sp_sp_cpcm_acetonitrile/geom-pme3-neutral-min_sp_sp_cpcm_acetonitrile.gbw from /home/chemsmart/agent-campaigns/ax41-refine-100/novel-round-7/workspaces/ino3-r12/scratch/geom-pme3-neutral-min_sp_sp_cpcm_acetonitrile to /home/chemsmart/agent-campaigns/ax41-refine-100/novel-round-7/workspaces/ino3-r12/nodes/n0-sp-tzvp
2026-09-09 17:54:25,332 - INFO   - [chemsmart.jobs.orca.runner] Copying file /home/chemsmart/agent-campaigns/ax41-refine-100/novel-round-7/workspaces/ino3-r12/scratch/geom-pme3-neutral-min_sp_sp_cpcm_acetonitrile/geom-pme3-neutral-min_sp_sp_cpcm_acetonitrile.err from /home/chemsmart/agent-campaigns/ax41-refine-100/novel-round-7/workspaces/ino3-r12/scratch/geom-pme3-neutral-min_sp_sp_cpcm_acetonitrile to /home/chemsmart/agent-campaigns/ax41-refine-100/novel-round-7/workspaces/ino3-r12/nodes/n0-sp-tzvp
2026-09-09 17:54:25,332 - INFO   - [chemsmart.jobs.orca.runner] Copying file /home/chemsmart/agent-campaigns/ax41-refine-100/novel-round-7/workspaces/ino3-r12/scratch/geom-pme3-neutral-min_sp_sp_cpcm_acetonitrile/geom-pme3-neutral-min_sp_sp_cpcm_acetonitrile.out from /home/chemsmart/agent-campaigns/ax41-refine-100/novel-round-7/workspaces/ino3-r12/scratch/geom-pme3-neutral-min_sp_sp_cpcm_acetonitrile to /home/chemsmart/agent-campaigns/ax41-refine-100/novel-round-7/workspaces/ino3-r12/nodes/n0-sp-tzvp
2026-09-09 17:54:25,332 - INFO   - [chemsmart.jobs.orca.runner] Copying file /home/chemsmart/agent-campaigns/ax41-refine-100/novel-round-7/workspaces/ino3-r12/scratch/geom-pme3-neutral-min_sp_sp_cpcm_acetonitrile/geom-pme3-neutral-min_sp_sp_cpcm_acetonitrile.cpcm_corr from /home/chemsmart/agent-campaigns/ax41-refine-100/novel-round-7/workspaces/ino3-r12/scratch/geom-pme3-neutral-min_sp_sp_cpcm_acetonitrile to /home/chemsmart/agent-campaigns/ax41-refine-100/novel-round-7/workspaces/ino3-r12/nodes/n0-sp-tzvp
2026-09-09 17:54:25,333 - INFO   - [chemsmart.jobs.orca.runner] Copying file /home/chemsmart/agent-campaigns/ax41-refine-100/novel-round-7/workspaces/ino3-r12/scratch/geom-pme3-neutral-min_sp_sp_cpcm_acetonitrile/geom-pme3-neutral-min_sp_sp_cpcm_acetonitrile.cpcm from /home/chemsmart/agent-campaigns/ax41-refine-100/novel-round-7/workspaces/ino3-r12/scratch/geom-pme3-neutral-min_sp_sp_cpcm_acetonitrile to /home/chemsmart/agent-campaigns/ax41-refine-100/novel-round-7/workspaces/ino3-r12/nodes/n0-sp-tzvp
2026-09-09 17:54:25,333 - INFO   - [chemsmart.jobs.orca.runner] Copying file /home/chemsmart/agent-campaigns/ax41-refine-100/novel-round-7/workspaces/ino3-r12/scratch/geom-pme3-neutral-min_sp_sp_cpcm_acetonitrile/geom-pme3-neutral-min_sp_sp_cpcm_acetonitrile.densitiesinfo from /home/chemsmart/agent-campaigns/ax41-refine-100/novel-round-7/workspaces/ino3-r12/scratch/geom-pme3-neutral-min_sp_sp_cpcm_acetonitrile to /home/chemsmart/agent-campaigns/ax41-refine-100/novel-round-7/workspaces/ino3-r12/nodes/n0-sp-tzvp
2026-09-09 17:54:25,333 - INFO   - [chemsmart.jobs.orca.runner] Copying file /home/chemsmart/agent-campaigns/ax41-refine-100/novel-round-7/workspaces/ino3-r12/scratch/geom-pme3-neutral-min_sp_sp_cpcm_acetonitrile/geom-pme3-neutral-min_sp_sp_cpcm_acetonitrile.densities from /home/chemsmart/agent-campaigns/ax41-refine-100/novel-round-7/workspaces/ino3-r12/scratch/geom-pme3-neutral-min_sp_sp_cpcm_acetonitrile to /home/chemsmart/agent-campaigns/ax41-refine-100/novel-round-7/workspaces/ino3-r12/nodes/n0-sp-tzvp
2026-09-09 17:54:25,338 - INFO   - [chemsmart.jobs.orca.runner] Copying file /home/chemsmart/agent-campaigns/ax41-refine-100/novel-round-7/workspaces/ino3-r12/scratch/geom-pme3-neutral-min_sp_sp_cpcm_acetonitrile/geom-pme3-neutral-min_sp_sp_cpcm_acetonitrile.property.txt from /home/chemsmart/agent-campaigns/ax41-refine-100/novel-round-7/workspaces/ino3-r12/scratch/geom-pme3-neutral-min_sp_sp_cpcm_acetonitrile to /home/chemsmart/agent-campaigns/ax41-refine-100/novel-round-7/workspaces/ino3-r12/nodes/n0-sp-tzvp
2026-09-09 17:54:25,339 - INFO   - [chemsmart.jobs.orca.runner] Copying file /home/chemsmart/agent-campaigns/ax41-refine-100/novel-round-7/workspaces/ino3-r12/scratch/geom-pme3-neutral-min_sp_sp_cpcm_acetonitrile/geom-pme3-neutral-min_sp_sp_cpcm_acetonitrile.inp from /home/chemsmart/agent-campaigns/ax41-refine-100/novel-round-7/workspaces/ino3-r12/scratch/geom-pme3-neutral-min_sp_sp_cpcm_acetonitrile to /home/chemsmart/agent-campaigns/ax41-refine-100/novel-round-7/workspaces/ino3-r12/nodes/n0-sp-tzvp
2026-09-09 17:54:25,340 - INFO   - [chemsmart.jobs.runner] Removing file /home/chemsmart/agent-campaigns/ax41-refine-100/novel-round-7/workspaces/ino3-r12/nodes/n0-sp-tzvp/geom-pme3-neutral-min_sp_sp_cpcm_acetonitrile.err.
2026-09-09 17:54:25,340 - INFO   - [chemsmart.jobs.runner] Removing file /home/chemsmart/agent-campaigns/ax41-refine-100/novel-round-7/workspaces/ino3-r12/nodes/n0-sp-tzvp/geom-pme3-neutral-min_sp_sp_cpcm_acetonitrile.pbserr.
2026-09-09 17:54:25,340 - INFO   - [chemsmart.jobs.runner] Removing file /home/chemsmart/agent-campaigns/ax41-refine-100/novel-round-7/workspaces/ino3-r12/nodes/n0-sp-tzvp/geom-pme3-neutral-min_sp_sp_cpcm_acetonitrile.slurmerr.
2026-09-09 17:54:25,340 - INFO   - [chemsmart.jobs.runner] Deleting scratch directory: /home/chemsmart/agent-campaigns/ax41-refine-100/novel-round-7/workspaces/ino3-r12/scratch/geom-pme3-neutral-min_sp_sp_cpcm_acetonitrile
2026-09-09 17:54:25,343 - INFO   - [chemsmart.jobs.runner] Successfully deleted scratch directory: /home/chemsmart/agent-campaigns/ax41-refine-100/novel-round-7/workspaces/ino3-r12/scratch/geom-pme3-neutral-min_sp_sp_cpcm_acetonitrile
