2026-09-12 15:32:02,477 - INFO   - [chemsmart.cli.run] Entering main program
2026-09-12 15:32:02,481 - WARNING - [chemsmart.jobs.settings] Default file settings does not exist.

2026-09-12 15:32:02,482 - WARNING - [chemsmart.jobs.settings] Default file settings does not exist.

2026-09-12 15:32:02,483 - WARNING - [chemsmart.jobs.settings] Default file settings does not exist.

2026-09-12 15:32:02,483 - WARNING - [chemsmart.jobs.settings] Default file settings does not exist.

2026-09-12 15:32:02,484 - WARNING - [chemsmart.jobs.settings] Default file settings does not exist.

2026-09-12 15:32:02,484 - WARNING - [chemsmart.jobs.settings] Default file settings does not exist.

2026-09-12 15:32:02,485 - WARNING - [chemsmart.jobs.settings] Default file settings does not exist.

2026-09-12 15:32:02,485 - WARNING - [chemsmart.jobs.settings] Default file settings does not exist.

2026-09-12 15:32:02,486 - WARNING - [chemsmart.jobs.settings] Default file settings does not exist.

2026-09-12 15:32:02,487 - WARNING - [chemsmart.jobs.settings] Default file settings does not exist.

2026-09-12 15:32:02,487 - WARNING - [chemsmart.jobs.settings] Default file settings does not exist.

2026-09-12 15:32:02,488 - INFO   - [chemsmart.cli.orca.orca] Using default ORCA settings for XYZ file: /home/chemsmart/agent-campaigns/ax41-refine-100/novel-round-7/workspaces/po3-r19/.chemsmart-agent/runs/live-20260912T063934290465Z-1ef97b1320-c01c3c94/artifacts/geom-c5-saddle-sp.xyz
2026-09-12 15:32:02,489 - INFO   - [chemsmart.cli.orca.singlepoint] Final single point settings: {'ab_initio': None, 'functional': 'dsd-blyp', 'dispersion': 'd3bj', 'basis': 'def2-tzvp', 'semiempirical': None, 'defgrid': None, 'charge': 0, 'multiplicity': 1, 'freq': False, 'numfreq': False, 'jobtype': 'sp', 'title': None, 'solvent_model': None, 'solvent_id': None, 'additional_route_parameters': None, 'route_to_be_written': None, 'modred': None, 'gen_genecp_file': None, 'heavy_elements': None, 'heavy_elements_basis': None, 'light_elements_basis': None, 'custom_solvent': None, 'forces': False, 'input_string': None, 'aux_basis': 'autoaux', 'extrapolation_basis': None, 'scf_tol': None, 'scf_algorithm': None, 'scf_maxiter': None, 'scf_convergence': None, 'geom_maxiter': None, 'opt_convergence': None, 'gbw': True, 'mdci_cutoff': None, 'mdci_density': None, 'relativistic': None, 'reference': None, 'frozen_core': None, 'frozen_core_electrons': None, 'ri_approximation': 'rijk', 'dipole': False, 'quadrupole': False, 'vpt2': False, 'vpt2_anharmonic_displacement': None, 'vpt2_hessian_cutoff': None, 'response_method': None, 'nstates': None, 'state_manifold': None, 'invert_constraints': False, 'additional_solvent_options': None, 'solventfilename': None}
2026-09-12 15:32:02,489 - INFO   - [chemsmart.cli.orca.singlepoint] Running single point calculation on molecule: Molecule<C12H10F3N3O2,energy: None> with label: geom-c5-saddle-sp_sp_sp_gas_phase
2026-09-12 15:32:02,490 - INFO   - [chemsmart.jobs.runner] Using job runner: <class 'chemsmart.jobs.orca.runner.ORCAJobRunner'> for job: ORCASinglePointJob<folder=/home/chemsmart/agent-campaigns/ax41-refine-100/novel-round-7/workspaces/po3-r19/nodes/sp-c5-dsd-tzvp, label=geom-c5-saddle-sp_sp_sp_gas_phase, jobrunner=None>
2026-09-12 15:32:02,490 - INFO   - [chemsmart.jobs.runner] Using scratch=True for job runner: <class 'chemsmart.jobs.orca.runner.ORCAJobRunner'>
2026-09-12 15:32:02,490 - INFO   - [chemsmart.jobs.orca.runner] Obtaining executable from server: /home/chemsmart/agent-campaigns/ax41-refine-100/novel-round-7/workspaces/po3-r19/.chemsmart-agent/goals/goal-po3-r19/runs/cycle-5/execution-server.yaml
2026-09-12 15:32:02,493 - INFO   - [chemsmart.jobs.orca.job] Running ORCAJob ORCASinglePointJob<folder=/home/chemsmart/agent-campaigns/ax41-refine-100/novel-round-7/workspaces/po3-r19/nodes/sp-c5-dsd-tzvp, label=geom-c5-saddle-sp_sp_sp_gas_phase, jobrunner=ORCAJobRunner<server=YamlServerSettings: /home/chemsmart/agent-campaigns/ax41-refine-100/novel-round-7/workspaces/po3-r19/.chemsmart-agent/goals/goal-po3-r19/runs/cycle-5/execution-server.yaml>> with jobrunner ORCAJobRunner<server=YamlServerSettings: /home/chemsmart/agent-campaigns/ax41-refine-100/novel-round-7/workspaces/po3-r19/.chemsmart-agent/goals/goal-po3-r19/runs/cycle-5/execution-server.yaml>
2026-09-12 15:32:02,493 - INFO   - [chemsmart.jobs.orca.runner] Local run is False.
2026-09-12 15:32:02,493 - INFO   - [chemsmart.jobs.orca.writer] Finished writing ORCA input file: /home/chemsmart/agent-campaigns/ax41-refine-100/novel-round-7/workspaces/po3-r19/scratch/geom-c5-saddle-sp_sp_sp_gas_phase/geom-c5-saddle-sp_sp_sp_gas_phase.inp
2026-09-12 15:32:02,494 - INFO   - [chemsmart.jobs.orca.runner] ORCA executable: /opt/chem/orca/6.1.1/orca
2026-09-12 15:32:02,494 - INFO   - [chemsmart.jobs.orca.runner] Command executed: /opt/chem/orca/6.1.1/orca /home/chemsmart/agent-campaigns/ax41-refine-100/novel-round-7/workspaces/po3-r19/scratch/geom-c5-saddle-sp_sp_sp_gas_phase/geom-c5-saddle-sp_sp_sp_gas_phase.inp
Writing output file to: /home/chemsmart/agent-campaigns/ax41-refine-100/novel-round-7/workspaces/po3-r19/scratch/geom-c5-saddle-sp_sp_sp_gas_phase/geom-c5-saddle-sp_sp_sp_gas_phase.out
And err file to: /home/chemsmart/agent-campaigns/ax41-refine-100/novel-round-7/workspaces/po3-r19/scratch/geom-c5-saddle-sp_sp_sp_gas_phase/geom-c5-saddle-sp_sp_sp_gas_phase.err
2026-09-12 15:37:39,882 - INFO   - [chemsmart.jobs.orca.runner] Copying file /home/chemsmart/agent-campaigns/ax41-refine-100/novel-round-7/workspaces/po3-r19/scratch/geom-c5-saddle-sp_sp_sp_gas_phase/geom-c5-saddle-sp_sp_sp_gas_phase.densities from /home/chemsmart/agent-campaigns/ax41-refine-100/novel-round-7/workspaces/po3-r19/scratch/geom-c5-saddle-sp_sp_sp_gas_phase to /home/chemsmart/agent-campaigns/ax41-refine-100/novel-round-7/workspaces/po3-r19/nodes/sp-c5-dsd-tzvp
2026-09-12 15:37:39,888 - INFO   - [chemsmart.jobs.orca.runner] Copying file /home/chemsmart/agent-campaigns/ax41-refine-100/novel-round-7/workspaces/po3-r19/scratch/geom-c5-saddle-sp_sp_sp_gas_phase/geom-c5-saddle-sp_sp_sp_gas_phase.out from /home/chemsmart/agent-campaigns/ax41-refine-100/novel-round-7/workspaces/po3-r19/scratch/geom-c5-saddle-sp_sp_sp_gas_phase to /home/chemsmart/agent-campaigns/ax41-refine-100/novel-round-7/workspaces/po3-r19/nodes/sp-c5-dsd-tzvp
2026-09-12 15:37:39,889 - INFO   - [chemsmart.jobs.orca.runner] Copying file /home/chemsmart/agent-campaigns/ax41-refine-100/novel-round-7/workspaces/po3-r19/scratch/geom-c5-saddle-sp_sp_sp_gas_phase/geom-c5-saddle-sp_sp_sp_gas_phase.densitiesinfo from /home/chemsmart/agent-campaigns/ax41-refine-100/novel-round-7/workspaces/po3-r19/scratch/geom-c5-saddle-sp_sp_sp_gas_phase to /home/chemsmart/agent-campaigns/ax41-refine-100/novel-round-7/workspaces/po3-r19/nodes/sp-c5-dsd-tzvp
2026-09-12 15:37:39,889 - INFO   - [chemsmart.jobs.orca.runner] Copying file /home/chemsmart/agent-campaigns/ax41-refine-100/novel-round-7/workspaces/po3-r19/scratch/geom-c5-saddle-sp_sp_sp_gas_phase/geom-c5-saddle-sp_sp_sp_gas_phase.gbw from /home/chemsmart/agent-campaigns/ax41-refine-100/novel-round-7/workspaces/po3-r19/scratch/geom-c5-saddle-sp_sp_sp_gas_phase to /home/chemsmart/agent-campaigns/ax41-refine-100/novel-round-7/workspaces/po3-r19/nodes/sp-c5-dsd-tzvp
2026-09-12 15:37:39,896 - INFO   - [chemsmart.jobs.orca.runner] Copying file /home/chemsmart/agent-campaigns/ax41-refine-100/novel-round-7/workspaces/po3-r19/scratch/geom-c5-saddle-sp_sp_sp_gas_phase/geom-c5-saddle-sp_sp_sp_gas_phase.property.txt from /home/chemsmart/agent-campaigns/ax41-refine-100/novel-round-7/workspaces/po3-r19/scratch/geom-c5-saddle-sp_sp_sp_gas_phase to /home/chemsmart/agent-campaigns/ax41-refine-100/novel-round-7/workspaces/po3-r19/nodes/sp-c5-dsd-tzvp
2026-09-12 15:37:39,896 - INFO   - [chemsmart.jobs.orca.runner] Copying file /home/chemsmart/agent-campaigns/ax41-refine-100/novel-round-7/workspaces/po3-r19/scratch/geom-c5-saddle-sp_sp_sp_gas_phase/geom-c5-saddle-sp_sp_sp_gas_phase.inp from /home/chemsmart/agent-campaigns/ax41-refine-100/novel-round-7/workspaces/po3-r19/scratch/geom-c5-saddle-sp_sp_sp_gas_phase to /home/chemsmart/agent-campaigns/ax41-refine-100/novel-round-7/workspaces/po3-r19/nodes/sp-c5-dsd-tzvp
2026-09-12 15:37:39,896 - INFO   - [chemsmart.jobs.orca.runner] Copying file /home/chemsmart/agent-campaigns/ax41-refine-100/novel-round-7/workspaces/po3-r19/scratch/geom-c5-saddle-sp_sp_sp_gas_phase/geom-c5-saddle-sp_sp_sp_gas_phase.err from /home/chemsmart/agent-campaigns/ax41-refine-100/novel-round-7/workspaces/po3-r19/scratch/geom-c5-saddle-sp_sp_sp_gas_phase to /home/chemsmart/agent-campaigns/ax41-refine-100/novel-round-7/workspaces/po3-r19/nodes/sp-c5-dsd-tzvp
2026-09-12 15:37:39,896 - INFO   - [chemsmart.jobs.orca.runner] Copying file /home/chemsmart/agent-campaigns/ax41-refine-100/novel-round-7/workspaces/po3-r19/scratch/geom-c5-saddle-sp_sp_sp_gas_phase/geom-c5-saddle-sp_sp_sp_gas_phase.bibtex from /home/chemsmart/agent-campaigns/ax41-refine-100/novel-round-7/workspaces/po3-r19/scratch/geom-c5-saddle-sp_sp_sp_gas_phase to /home/chemsmart/agent-campaigns/ax41-refine-100/novel-round-7/workspaces/po3-r19/nodes/sp-c5-dsd-tzvp
2026-09-12 15:37:39,897 - INFO   - [chemsmart.jobs.runner] Removing file /home/chemsmart/agent-campaigns/ax41-refine-100/novel-round-7/workspaces/po3-r19/nodes/sp-c5-dsd-tzvp/geom-c5-saddle-sp_sp_sp_gas_phase.err.
2026-09-12 15:37:39,898 - INFO   - [chemsmart.jobs.runner] Removing file /home/chemsmart/agent-campaigns/ax41-refine-100/novel-round-7/workspaces/po3-r19/nodes/sp-c5-dsd-tzvp/geom-c5-saddle-sp_sp_sp_gas_phase.pbserr.
2026-09-12 15:37:39,898 - INFO   - [chemsmart.jobs.runner] Removing file /home/chemsmart/agent-campaigns/ax41-refine-100/novel-round-7/workspaces/po3-r19/nodes/sp-c5-dsd-tzvp/geom-c5-saddle-sp_sp_sp_gas_phase.slurmerr.
2026-09-12 15:37:39,898 - INFO   - [chemsmart.jobs.runner] Deleting scratch directory: /home/chemsmart/agent-campaigns/ax41-refine-100/novel-round-7/workspaces/po3-r19/scratch/geom-c5-saddle-sp_sp_sp_gas_phase
2026-09-12 15:37:39,901 - INFO   - [chemsmart.jobs.runner] Successfully deleted scratch directory: /home/chemsmart/agent-campaigns/ax41-refine-100/novel-round-7/workspaces/po3-r19/scratch/geom-c5-saddle-sp_sp_sp_gas_phase
